┏━━━━━━━━━━━━━━━━━━━━━━┳━━━━━━━━━━┳━━━━━━━━━━┳━━━━━━━━━━┳━━━━━━━━━━┳━━━━━━━━━━━┳━━━━━━━━━━┳━━━━━━━━━━━┳━━━━━━━━━━┳━━━━━━━━━━━┳━━━━━━━━━━┳━━━━━━━━━━━┳━━━━━━━━━━┓
┃                      ┃ Hold     ┃ Reg to   ┃          ┃          ┃ of which  ┃ Setup    ┃           ┃          ┃           ┃ of which ┃           ┃          ┃
┃                      ┃ Worst    ┃ Reg      ┃          ┃ Hold Vio ┃ reg to    ┃ Worst    ┃ Reg to    ┃ Setup    ┃ Setup Vio ┃ reg to   ┃ Max Cap   ┃ Max Slew ┃
┃ Corner/Group         ┃ Slack    ┃ Paths    ┃ Hold TNS ┃ Count    ┃ reg       ┃ Slack    ┃ Reg Paths ┃ TNS      ┃ Count     ┃ reg      ┃ Violatio… ┃ Violati… ┃
┡━━━━━━━━━━━━━━━━━━━━━━╇━━━━━━━━━━╇━━━━━━━━━━╇━━━━━━━━━━╇━━━━━━━━━━╇━━━━━━━━━━━╇━━━━━━━━━━╇━━━━━━━━━━━╇━━━━━━━━━━╇━━━━━━━━━━━╇━━━━━━━━━━╇━━━━━━━━━━━╇━━━━━━━━━━┩
│ Overall              │ 0.1248   │ 0.1248   │ 0.0000   │ 0        │ 0         │ 8.4943   │ 9.6161    │ 0.0000   │ 0         │ 0        │ 0         │ 4        │
│ nom_fast_1p32V_m40C  │ 0.1248   │ 0.1248   │ 0.0000   │ 0        │ 0         │ 12.8765  │ N/A       │ 0.0000   │ 0         │ 0        │ 0         │ 0        │
│ nom_slow_1p08V_125C  │ 0.6539   │ 0.6539   │ 0.0000   │ 0        │ 0         │ 8.4943   │ 9.6161    │ 0.0000   │ 0         │ 0        │ 0         │ 4        │
│ nom_typ_1p20V_25C    │ 0.3158   │ 0.3158   │ 0.0000   │ 0        │ 0         │ 11.2341  │ 13.4265   │ 0.0000   │ 0         │ 0        │ 0         │ 0        │
└──────────────────────┴──────────┴──────────┴──────────┴──────────┴───────────┴──────────┴───────────┴──────────┴───────────┴──────────┴───────────┴──────────┘
