┏━━━━━━━┳━━━━━━━━━┳━━━━━━━━━━┳━━━━━━━━━━━━━━━━━━━━━━━━━━━━━┳━━━━━━━━━━━━━┳━━━━━━━━┓
┃ P / R ┃ Partial ┃ Required ┃ Net                         ┃ Pin         ┃ Layer  ┃
┡━━━━━━━╇━━━━━━━━━╇━━━━━━━━━━╇━━━━━━━━━━━━━━━━━━━━━━━━━━━━━╇━━━━━━━━━━━━━╇━━━━━━━━┩
│ 1.58  │ 316.90  │ 200.00   │ _04323_                     │ fanout252/A │ Metal3 │
│ 1.58  │ 315.30  │ 200.00   │ _03289_                     │ fanout635/A │ Metal3 │
│ 1.55  │ 310.24  │ 200.00   │ net248                      │ fanout238/A │ Metal3 │
│ 1.48  │ 295.67  │ 200.00   │ _04446_                     │ fanout211/A │ Metal3 │
│ 1.20  │ 239.05  │ 200.00   │ engine.witness_observed[1\] │ _08480_/A   │ Metal3 │
│ 1.05  │ 209.50  │ 200.00   │ net193                      │ fanout192/A │ Metal3 │
│ 1.01  │ 202.14  │ 200.00   │ net562                      │ fanout552/A │ Metal3 │
│ 1.01  │ 202.14  │ 200.00   │ net562                      │ fanout556/A │ Metal3 │
│ 1.01  │ 202.14  │ 200.00   │ net562                      │ fanout561/A │ Metal3 │
│ 0.87  │ 174.61  │ 200.00   │ net248                      │ fanout245/A │ Metal3 │
│ 0.87  │ 174.61  │ 200.00   │ net248                      │ fanout247/A │ Metal3 │
│ 0.82  │ 163.92  │ 200.00   │ net234                      │ fanout231/A │ Metal3 │
└───────┴─────────┴──────────┴─────────────────────────────┴─────────────┴────────┘
