 report_check_types -max_slew -max_cap -max_fanout -violators
============================================================================
======================= nom_slow_1p08V_125C Corner ===================================

max slew

Pin                                        Limit        Slew       Slack
------------------------------------------------------------------------
fanout535/A                             2.507400    2.561762   -0.054362 (VIOLATED)
fanout537/A                             2.507400    2.561559   -0.054159 (VIOLATED)
fanout534/A                             2.507400    2.561307   -0.053907 (VIOLATED)
_09307_/Y                               2.507400    2.561118   -0.053717 (VIOLATED)

max fanout

Pin                                   Limit Fanout  Slack
---------------------------------------------------------
clkbuf_leaf_113_clk/X                     8     18    -10 (VIOLATED)
clkbuf_leaf_69_clk/X                      8     18    -10 (VIOLATED)
clkbuf_leaf_77_clk/X                      8     18    -10 (VIOLATED)
clkbuf_leaf_104_clk/X                     8     17     -9 (VIOLATED)
clkbuf_leaf_107_clk/X                     8     17     -9 (VIOLATED)
clkbuf_leaf_129_clk/X                     8     17     -9 (VIOLATED)
clkbuf_leaf_14_clk/X                      8     17     -9 (VIOLATED)
clkbuf_leaf_15_clk/X                      8     17     -9 (VIOLATED)
clkbuf_leaf_26_clk/X                      8     17     -9 (VIOLATED)
clkbuf_leaf_4_clk/X                       8     17     -9 (VIOLATED)
clkbuf_leaf_50_clk/X                      8     17     -9 (VIOLATED)
clkbuf_leaf_5_clk/X                       8     17     -9 (VIOLATED)
clkbuf_leaf_68_clk/X                      8     17     -9 (VIOLATED)
clkbuf_leaf_83_clk/X                      8     17     -9 (VIOLATED)
clkbuf_leaf_90_clk/X                      8     17     -9 (VIOLATED)
clkbuf_leaf_100_clk/X                     8     16     -8 (VIOLATED)
clkbuf_leaf_101_clk/X                     8     16     -8 (VIOLATED)
clkbuf_leaf_102_clk/X                     8     16     -8 (VIOLATED)
clkbuf_leaf_103_clk/X                     8     16     -8 (VIOLATED)
clkbuf_leaf_106_clk/X                     8     16     -8 (VIOLATED)
clkbuf_leaf_10_clk/X                      8     16     -8 (VIOLATED)
clkbuf_leaf_110_clk/X                     8     16     -8 (VIOLATED)
clkbuf_leaf_111_clk/X                     8     16     -8 (VIOLATED)
clkbuf_leaf_112_clk/X                     8     16     -8 (VIOLATED)
clkbuf_leaf_114_clk/X                     8     16     -8 (VIOLATED)
clkbuf_leaf_115_clk/X                     8     16     -8 (VIOLATED)
clkbuf_leaf_116_clk/X                     8     16     -8 (VIOLATED)
clkbuf_leaf_118_clk/X                     8     16     -8 (VIOLATED)
clkbuf_leaf_119_clk/X                     8     16     -8 (VIOLATED)
clkbuf_leaf_120_clk/X                     8     16     -8 (VIOLATED)
clkbuf_leaf_121_clk/X                     8     16     -8 (VIOLATED)
clkbuf_leaf_122_clk/X                     8     16     -8 (VIOLATED)
clkbuf_leaf_123_clk/X                     8     16     -8 (VIOLATED)
clkbuf_leaf_124_clk/X                     8     16     -8 (VIOLATED)
clkbuf_leaf_125_clk/X                     8     16     -8 (VIOLATED)
clkbuf_leaf_126_clk/X                     8     16     -8 (VIOLATED)
clkbuf_leaf_127_clk/X                     8     16     -8 (VIOLATED)
clkbuf_leaf_12_clk/X                      8     16     -8 (VIOLATED)
clkbuf_leaf_16_clk/X                      8     16     -8 (VIOLATED)
clkbuf_leaf_18_clk/X                      8     16     -8 (VIOLATED)
clkbuf_leaf_20_clk/X                      8     16     -8 (VIOLATED)
clkbuf_leaf_22_clk/X                      8     16     -8 (VIOLATED)
clkbuf_leaf_24_clk/X                      8     16     -8 (VIOLATED)
clkbuf_leaf_27_clk/X                      8     16     -8 (VIOLATED)
clkbuf_leaf_30_clk/X                      8     16     -8 (VIOLATED)
clkbuf_leaf_32_clk/X                      8     16     -8 (VIOLATED)
clkbuf_leaf_36_clk/X                      8     16     -8 (VIOLATED)
clkbuf_leaf_38_clk/X                      8     16     -8 (VIOLATED)
clkbuf_leaf_40_clk/X                      8     16     -8 (VIOLATED)
clkbuf_leaf_42_clk/X                      8     16     -8 (VIOLATED)
clkbuf_leaf_43_clk/X                      8     16     -8 (VIOLATED)
clkbuf_leaf_46_clk/X                      8     16     -8 (VIOLATED)
clkbuf_leaf_47_clk/X                      8     16     -8 (VIOLATED)
clkbuf_leaf_52_clk/X                      8     16     -8 (VIOLATED)
clkbuf_leaf_53_clk/X                      8     16     -8 (VIOLATED)
clkbuf_leaf_54_clk/X                      8     16     -8 (VIOLATED)
clkbuf_leaf_58_clk/X                      8     16     -8 (VIOLATED)
clkbuf_leaf_59_clk/X                      8     16     -8 (VIOLATED)
clkbuf_leaf_60_clk/X                      8     16     -8 (VIOLATED)
clkbuf_leaf_62_clk/X                      8     16     -8 (VIOLATED)
clkbuf_leaf_65_clk/X                      8     16     -8 (VIOLATED)
clkbuf_leaf_66_clk/X                      8     16     -8 (VIOLATED)
clkbuf_leaf_70_clk/X                      8     16     -8 (VIOLATED)
clkbuf_leaf_72_clk/X                      8     16     -8 (VIOLATED)
clkbuf_leaf_74_clk/X                      8     16     -8 (VIOLATED)
clkbuf_leaf_76_clk/X                      8     16     -8 (VIOLATED)
clkbuf_leaf_78_clk/X                      8     16     -8 (VIOLATED)
clkbuf_leaf_79_clk/X                      8     16     -8 (VIOLATED)
clkbuf_leaf_7_clk/X                       8     16     -8 (VIOLATED)
clkbuf_leaf_80_clk/X                      8     16     -8 (VIOLATED)
clkbuf_leaf_86_clk/X                      8     16     -8 (VIOLATED)
clkbuf_leaf_87_clk/X                      8     16     -8 (VIOLATED)
clkbuf_leaf_88_clk/X                      8     16     -8 (VIOLATED)
clkbuf_leaf_89_clk/X                      8     16     -8 (VIOLATED)
clkbuf_leaf_8_clk/X                       8     16     -8 (VIOLATED)
clkbuf_leaf_93_clk/X                      8     16     -8 (VIOLATED)
clkbuf_leaf_95_clk/X                      8     16     -8 (VIOLATED)
clkbuf_leaf_99_clk/X                      8     16     -8 (VIOLATED)
clkbuf_leaf_9_clk/X                       8     16     -8 (VIOLATED)
clkbuf_leaf_0_clk/X                       8     15     -7 (VIOLATED)
clkbuf_leaf_105_clk/X                     8     15     -7 (VIOLATED)
clkbuf_leaf_108_clk/X                     8     15     -7 (VIOLATED)
clkbuf_leaf_109_clk/X                     8     15     -7 (VIOLATED)
clkbuf_leaf_117_clk/X                     8     15     -7 (VIOLATED)
clkbuf_leaf_128_clk/X                     8     15     -7 (VIOLATED)
clkbuf_leaf_130_clk/X                     8     15     -7 (VIOLATED)
clkbuf_leaf_13_clk/X                      8     15     -7 (VIOLATED)
clkbuf_leaf_17_clk/X                      8     15     -7 (VIOLATED)
clkbuf_leaf_19_clk/X                      8     15     -7 (VIOLATED)
clkbuf_leaf_1_clk/X                       8     15     -7 (VIOLATED)
clkbuf_leaf_23_clk/X                      8     15     -7 (VIOLATED)
clkbuf_leaf_25_clk/X                      8     15     -7 (VIOLATED)
clkbuf_leaf_28_clk/X                      8     15     -7 (VIOLATED)
clkbuf_leaf_29_clk/X                      8     15     -7 (VIOLATED)
clkbuf_leaf_2_clk/X                       8     15     -7 (VIOLATED)
clkbuf_leaf_31_clk/X                      8     15     -7 (VIOLATED)
clkbuf_leaf_33_clk/X                      8     15     -7 (VIOLATED)
clkbuf_leaf_34_clk/X                      8     15     -7 (VIOLATED)
clkbuf_leaf_35_clk/X                      8     15     -7 (VIOLATED)
clkbuf_leaf_37_clk/X                      8     15     -7 (VIOLATED)
clkbuf_leaf_39_clk/X                      8     15     -7 (VIOLATED)
clkbuf_leaf_3_clk/X                       8     15     -7 (VIOLATED)
clkbuf_leaf_48_clk/X                      8     15     -7 (VIOLATED)
clkbuf_leaf_55_clk/X                      8     15     -7 (VIOLATED)
clkbuf_leaf_56_clk/X                      8     15     -7 (VIOLATED)
clkbuf_leaf_57_clk/X                      8     15     -7 (VIOLATED)
clkbuf_leaf_63_clk/X                      8     15     -7 (VIOLATED)
clkbuf_leaf_67_clk/X                      8     15     -7 (VIOLATED)
clkbuf_leaf_6_clk/X                       8     15     -7 (VIOLATED)
clkbuf_leaf_71_clk/X                      8     15     -7 (VIOLATED)
clkbuf_leaf_75_clk/X                      8     15     -7 (VIOLATED)
clkbuf_leaf_81_clk/X                      8     15     -7 (VIOLATED)
clkbuf_leaf_82_clk/X                      8     15     -7 (VIOLATED)
clkbuf_leaf_84_clk/X                      8     15     -7 (VIOLATED)
clkbuf_leaf_85_clk/X                      8     15     -7 (VIOLATED)
clkbuf_leaf_91_clk/X                      8     15     -7 (VIOLATED)
clkbuf_leaf_92_clk/X                      8     15     -7 (VIOLATED)
clkbuf_leaf_94_clk/X                      8     15     -7 (VIOLATED)
clkbuf_leaf_97_clk/X                      8     15     -7 (VIOLATED)
clkbuf_leaf_98_clk/X                      8     15     -7 (VIOLATED)
clkbuf_leaf_11_clk/X                      8     14     -6 (VIOLATED)
clkbuf_leaf_21_clk/X                      8     14     -6 (VIOLATED)
clkbuf_leaf_41_clk/X                      8     14     -6 (VIOLATED)
clkbuf_leaf_44_clk/X                      8     14     -6 (VIOLATED)
clkbuf_leaf_45_clk/X                      8     14     -6 (VIOLATED)
clkbuf_leaf_49_clk/X                      8     14     -6 (VIOLATED)
clkbuf_leaf_51_clk/X                      8     14     -6 (VIOLATED)
clkbuf_leaf_61_clk/X                      8     14     -6 (VIOLATED)
clkbuf_leaf_96_clk/X                      8     14     -6 (VIOLATED)
clkbuf_leaf_73_clk/X                      8     13     -5 (VIOLATED)
clkbuf_leaf_64_clk/X                      8     11     -3 (VIOLATED)



===========================================================================
